HP=935, level=10, remedy=99, maidenkiss=11, phoenixdown=11, rescue=-1
HP=935, level=10, remedy=99, maidenkiss=11, phoenixdown=11, rescue=-1
HP=935, level=10, remedy=99, maidenkiss=11, phoenixdown=11, rescue=-1
HP=935, level=10, remedy=99, maidenkiss=12, phoenixdown=11, rescue=-1
HP=935, level=10, remedy=99, maidenkiss=12, phoenixdown=11, rescue=-1
HP=691, level=10, remedy=99, maidenkiss=12, phoenixdown=11, rescue=-1
HP=691, level=10, remedy=99, maidenkiss=12, phoenixdown=11, rescue=-1
HP=757, level=10, remedy=99, maidenkiss=12, phoenixdown=11, rescue=-1
HP=757, level=10, remedy=99, maidenkiss=12, phoenixdown=11, rescue=-1
HP=757, level=10, remedy=99, maidenkiss=12, phoenixdown=11, rescue=-1
HP=757, level=10, remedy=99, maidenkiss=12, phoenixdown=11, rescue=-1
HP=823, level=10, remedy=99, maidenkiss=12, phoenixdown=11, rescue=-1
HP=823, level=10, remedy=99, maidenkiss=12, phoenixdown=11, rescue=-1
HP=823, level=10, remedy=99, maidenkiss=12, phoenixdown=11, rescue=-1
HP=823, level=10, remedy=99, maidenkiss=12, phoenixdown=11, rescue=-1
HP=823, level=10, remedy=99, maidenkiss=12, phoenixdown=11, rescue=-1
HP=823, level=10, remedy=99, maidenkiss=12, phoenixdown=11, rescue=-1
HP=852, level=10, remedy=99, maidenkiss=12, phoenixdown=11, rescue=-1
HP=852, level=10, remedy=99, maidenkiss=12, phoenixdown=11, rescue=-1
HP=852, level=10, remedy=99, maidenkiss=12, phoenixdown=11, rescue=-1
HP=852, level=10, remedy=99, maidenkiss=12, phoenixdown=11, rescue=-1
HP=852, level=10, remedy=99, maidenkiss=12, phoenixdown=11, rescue=-1
HP=852, level=10, remedy=99, maidenkiss=12, phoenixdown=11, rescue=-1
HP=852, level=10, remedy=99, maidenkiss=12, phoenixdown=11, rescue=-1
HP=852, level=10, remedy=99, maidenkiss=12, phoenixdown=12, rescue=-1
HP=852, level=10, remedy=99, maidenkiss=12, phoenixdown=12, rescue=-1
HP=852, level=10, remedy=99, maidenkiss=12, phoenixdown=12, rescue=1
